main.c:107:5:main	48	static
main.c:179:6:SystemClock_Config	232	static
main.c:238:13:MX_DAC1_Init	48	static
main.c:279:13:MX_DFSDM1_Init	8	static
main.c:332:13:MX_I2C2_Init	8	static
main.c:378:13:MX_QUADSPI_Init	8	static
main.c:411:13:MX_TIM2_Init	40	static
main.c:456:13:MX_USART1_UART_Init	8	static
main.c:489:13:MX_DMA_Init	16	static
main.c:510:13:MX_GPIO_Init	48	static
main.c:543:6:HAL_GPIO_EXTI_Callback	16	static
main.c:552:6:addToneToSequence	8	static
main.c:561:6:loadToneFromFlash	16	static
main.c:570:6:playSequence	16	static
main.c:578:6:playSequenceBlocking	16	static
main.c:588:6:HAL_DAC_ConvCpltCallbackCh1	24	static
main.c:608:6:HAL_TIM_PeriodElapsedCallback	16	static
main.c:625:6:Error_Handler	4	static
