main.c:105:5:main	48	static
main.c:179:6:SystemClock_Config	232	static
main.c:238:13:MX_DAC1_Init	48	static
main.c:279:13:MX_DFSDM1_Init	8	static
main.c:332:13:MX_I2C2_Init	8	static
main.c:378:13:MX_QUADSPI_Init	8	static
main.c:411:13:MX_TIM2_Init	40	static
main.c:456:13:MX_USART1_UART_Init	8	static
main.c:489:13:MX_DMA_Init	16	static
main.c:510:13:MX_GPIO_Init	48	static
main.c:543:6:addToneToSequence	16	static
main.c:553:6:loadToneFromFlash	16	static
main.c:562:6:playSequence	16	static
main.c:570:6:playSequenceBlocking	16	static
main.c:580:6:HAL_DAC_ConvCpltCallbackCh1	24	static
main.c:600:6:HAL_TIM_PeriodElapsedCallback	16	static
main.c:617:6:Error_Handler	4	static
